[1m[36m=== Extract-XISO Node.js v0.1.0 ===[0m

[36mConfiguração:[0m
  ISO Dir: C:\Users\gabri\Downloads\ISO
  Saída: E:\xex instractor\GS IsoXex\iso
  Apagar $SystemUpdate: Sim
  Apagar ISO após extração: Não (inclui também arquivos compactados)

Using configured 7-Zip: E:\xex instractor\GS IsoXex\node_modules\7zip-bin\win\x64\7za.exe
Extraindo arquivo compactado: C:\Users\gabri\Downloads\ISO\Dante's Inferno (USA) (En,Fr,Es).7z -> C:\Users\gabri\AppData\Local\Temp\extract-xiso-CofyVW\Dante's Inferno (USA) (En,Fr,Es)
Encontrados 1 arquivo(s) ISO/XISO em Dante's Inferno (USA) (En,Fr,Es).7z
[1mEncontrados [32m1[0m[1m arquivo(s) .iso/.xiso:[0m

  1. Dante's Inferno (USA) (En,Fr,Es).iso (7.30 GB)

[36m[1/1][0m [1mExtraindo:[0m Dante's Inferno (USA) (En,Fr,Es)
DEBUG: calling extractXisoParallel [object Object]
[32m✓ [1/1][0m Dante's Inferno (USA) (En,Fr,Es) - 5 itens extraídos em 102.40s (73.00 MB/s)
[36mPastas temporarias removidas: C:\Users\gabri\AppData\Local\Temp\extract-xiso-CofyVW[0m

[1m=== Resumo ===[0m
[32mSucesso: 1[0m
[36mTempo total: 102.61s[0m
[36mPasta de saída: subpastas criadas junto aos arquivos .iso[0m

[1m[36m=== Extract-XISO Node.js v0.1.0 ===[0m

[36mConfiguração:[0m
  ISO Dir: C:\Users\gabri\Downloads\ISO
  Saída: E:\xex instractor\GS IsoXex\iso
  Apagar $SystemUpdate: Sim
  Apagar ISO após extração: Não (inclui também arquivos compactados)

Using configured 7-Zip: E:\xex instractor\GS IsoXex\node_modules\7zip-bin\win\x64\7za.exe
Extraindo arquivo compactado: C:\Users\gabri\Downloads\ISO\Dante's Inferno (USA) (En,Fr,Es).7z -> C:\Users\gabri\AppData\Local\Temp\extract-xiso-5NDFFD\Dante's Inferno (USA) (En,Fr,Es)
Encontrados 1 arquivo(s) ISO/XISO em Dante's Inferno (USA) (En,Fr,Es).7z
[1mEncontrados [32m1[0m[1m arquivo(s) .iso/.xiso:[0m

  1. Dante's Inferno (USA) (En,Fr,Es).iso (7.30 GB)

[36m[1/1][0m [1mExtraindo:[0m Dante's Inferno (USA) (En,Fr,Es)
DEBUG: calling extractXisoParallel [object Object]
[32m✓ [1/1][0m Dante's Inferno (USA) (En,Fr,Es) - 5 itens extraídos em 98.52s (75.88 MB/s)
[36mPastas temporarias removidas: C:\Users\gabri\AppData\Local\Temp\extract-xiso-5NDFFD[0m

[1m=== Resumo ===[0m
[32mSucesso: 1[0m
[36mTempo total: 98.93s[0m
[36mPasta de saída: subpastas criadas junto aos arquivos .iso[0m

[1m[36m=== Extract-XISO Node.js v0.1.0 ===[0m

[36mConfiguração:[0m
  ISO Dir: C:\Users\gabri\Downloads\ISO
  Saída: E:\xex instractor\GS IsoXex\iso
  Apagar $SystemUpdate: Sim
  Apagar ISO após extração: Não (inclui também arquivos compactados)

Using configured 7-Zip: E:\xex instractor\GS IsoXex\node_modules\7zip-bin\win\x64\7za.exe
Extraindo arquivo compactado: C:\Users\gabri\Downloads\ISO\Dante's Inferno (USA) (En,Fr,Es).7z -> C:\Users\gabri\AppData\Local\Temp\extract-xiso-I0corY\Dante's Inferno (USA) (En,Fr,Es)
Encontrados 1 arquivo(s) ISO/XISO em Dante's Inferno (USA) (En,Fr,Es).7z
[1mEncontrados [32m1[0m[1m arquivo(s) .iso/.xiso:[0m

  1. Dante's Inferno (USA) (En,Fr,Es).iso (7.30 GB)

[36m[1/1][0m [1mExtraindo:[0m Dante's Inferno (USA) (En,Fr,Es)
DEBUG: calling extractXisoParallel [object Object]
Renomeado: E:\xex instractor\GS IsoXex\iso\Dantes Inferno USA EnFrEs\¤default.xexÿÿÿ8µnu bigfile1.vivÿÿ -> E:\xex instractor\GS IsoXex\iso\Dantes Inferno USA EnFrEs\¤default.xexÿÿÿ8µnu bigfile1.vivÿÿ
[36mNomes sanitizados em:[0m E:\xex instractor\GS IsoXex\iso\Dantes Inferno USA EnFrEs
[32m✓ [1/1][0m Dante's Inferno (USA) (En,Fr,Es) - 5 itens extraídos em 106.85s (69.96 MB/s)
[36mPastas temporarias removidas: C:\Users\gabri\AppData\Local\Temp\extract-xiso-I0corY[0m

[1m=== Resumo ===[0m
[32mSucesso: 1[0m
[36mTempo total: 107.43s[0m
[36mPasta de saída: subpastas criadas junto aos arquivos .iso[0m

[1m[36m=== Extract-XISO Node.js v0.1.0 ===[0m

[36mConfiguração:[0m
  ISO Dir: C:\Users\gabri\Downloads\ISO
  Saída: E:\xex instractor\GS IsoXex\iso
  Apagar $SystemUpdate: Sim
  Apagar ISO após extração: Não (inclui também arquivos compactados)

Using configured 7-Zip: E:\xex instractor\GS IsoXex\node_modules\7zip-bin\win\x64\7za.exe
Extraindo arquivo compactado: C:\Users\gabri\Downloads\ISO\Dante's Inferno (USA) (En,Fr,Es).7z -> C:\Users\gabri\AppData\Local\Temp\extract-xiso-AeD1Ko\Dante's Inferno (USA) (En,Fr,Es)
Encontrados 1 arquivo(s) ISO/XISO em Dante's Inferno (USA) (En,Fr,Es).7z
[1mEncontrados [32m1[0m[1m arquivo(s) .iso/.xiso:[0m

  1. Dante's Inferno (USA) (En,Fr,Es).iso (7.30 GB)

[36m[1/1][0m [1mExtraindo:[0m Dante's Inferno (USA) (En,Fr,Es)
DEBUG: calling extractXisoParallel [object Object]
[36mNomes sanitizados em:[0m E:\xex instractor\GS IsoXex\iso\Dantes Inferno USA EnFrEs
[32m✓ [1/1][0m Dante's Inferno (USA) (En,Fr,Es) - 5 itens extraídos em 102.80s (72.72 MB/s)
[36mPastas temporarias removidas: C:\Users\gabri\AppData\Local\Temp\extract-xiso-AeD1Ko[0m

[1m=== Resumo ===[0m
[32mSucesso: 1[0m
[36mTempo total: 103.00s[0m
[36mPasta de saída: subpastas criadas junto aos arquivos .iso[0m

[1m[36m=== Extract-XISO Node.js v0.1.0 ===[0m

[36mConfiguração:[0m
  ISO Dir: C:\Users\gabri\Downloads\ISO
  Saída: F:\JOGOS XBOX 360
  Apagar $SystemUpdate: Sim
  Apagar ISO após extração: Não (inclui também arquivos compactados)

Using configured 7-Zip: E:\xex instractor\GS IsoXex\node_modules\7zip-bin\win\x64\7za.exe
Extraindo arquivo compactado: C:\Users\gabri\Downloads\ISO\Dante's Inferno (USA) (En,Fr,Es).7z -> C:\Users\gabri\AppData\Local\Temp\extract-xiso-arMTDD\Dante's Inferno (USA) (En,Fr,Es)
Encontrados 1 arquivo(s) ISO/XISO em Dante's Inferno (USA) (En,Fr,Es).7z
[1mEncontrados [32m1[0m[1m arquivo(s) .iso/.xiso:[0m

  1. Dante's Inferno (USA) (En,Fr,Es).iso (7.30 GB)

[36m[1/1][0m [1mExtraindo:[0m Dante's Inferno (USA) (En,Fr,Es)
DEBUG: calling extractXisoParallel [object Object]
[36mNomes sanitizados em:[0m F:\JOGOS XBOX 360\Dantes Inferno USA EnFrEs
[32m✓ [1/1][0m Dante's Inferno (USA) (En,Fr,Es) - 5 itens extraídos em 313.76s (23.83 MB/s)
[36mPastas temporarias removidas: C:\Users\gabri\AppData\Local\Temp\extract-xiso-arMTDD[0m

[1m=== Resumo ===[0m
[32mSucesso: 1[0m
[36mTempo total: 314.15s[0m
[36mPasta de saída: subpastas criadas junto aos arquivos .iso[0m

